// Jest Snapshot v1, https://goo.gl/fbAQLP

exports[`<Posts /> should match snapshot 1`] = `
<div>
  <div
    class="posts"
  >
    <div
      class="post"
    >
      <img
        alt="Teste 1"
        src="img/imagem1.png"
      />
      <div
        class="post-content"
      >
        <h1>
          Teste 1
           
          1
        </h1>
        <p>
          body 1
        </p>
        <p>
          Alterado
        </p>
      </div>
    </div>
    <div
      class="post"
    >
      <img
        alt="Teste 2"
        src="img/imagem2.png"
      />
      <div
        class="post-content"
      >
        <h1>
          Teste 2
           
          2
        </h1>
        <p>
          body 2
        </p>
        <p>
          Alterado
        </p>
      </div>
    </div>
    <div
      class="post"
    >
      <img
        alt="Teste 3"
        src="img/imagem3.png"
      />
      <div
        class="post-content"
      >
        <h1>
          Teste 3
           
          3
        </h1>
        <p>
          body 3
        </p>
        <p>
          Alterado
        </p>
      </div>
    </div>
  </div>
</div>
`;
